Opened /dev/ttyACM0 at 115200 baud
Results: <REPO_ROOT>/spore-patrol-robot-feature-lidar/tests/results/20260815_015330_337380_stop
frames=  1.1Hz stop=0 vx=+0.001 vy=-0.001 wz=-0.005 battery=24.13V
Stop burst sent.
Captured 3 valid frames (2.2 Hz average)
Opened /dev/ttyACM0 at 115200 baud
Results: <REPO_ROOT>/spore-patrol-robot-feature-lidar/tests/results/20260815_020341_814177_stop
frames= 19.6Hz stop=0 vx=+0.002 vy=+0.002 wz=+0.007 battery=24.08V
Stop burst sent.
Captured 26 valid frames (19.2 Hz average)
Opened /dev/ttyACM0 at 115200 baud
Results: <REPO_ROOT>/spore-patrol-robot-feature-lidar/tests/results/20260815_021353_303173_stop
frames= 19.6Hz stop=0 vx=+0.000 vy=+0.000 wz=+0.000 battery=24.03V
Stop burst sent.
Captured 26 valid frames (19.2 Hz average)
Opened /dev/ttyACM0 at 115200 baud
Results: <REPO_ROOT>/spore-patrol-robot-feature-lidar/tests/results/20260815_022404_786720_stop
frames= 19.6Hz stop=0 vx=+0.000 vy=+0.000 wz=-0.001 battery=24.00V
Stop burst sent.
Captured 26 valid frames (19.3 Hz average)
Opened /dev/ttyACM0 at 115200 baud
Results: <REPO_ROOT>/spore-patrol-robot-feature-lidar/tests/results/20260815_023416_208163_stop
frames= 19.6Hz stop=0 vx=+0.001 vy=+0.000 wz=+0.002 battery=23.98V
Stop burst sent.
Captured 26 valid frames (19.2 Hz average)
Opened /dev/ttyACM0 at 115200 baud
Results: <REPO_ROOT>/spore-patrol-robot-feature-lidar/tests/results/20260815_024427_625575_stop
frames= 19.6Hz stop=0 vx=+0.000 vy=+0.000 wz=+0.000 battery=23.96V
Stop burst sent.
Captured 26 valid frames (19.3 Hz average)
Opened /dev/ttyACM0 at 115200 baud
Results: <REPO_ROOT>/spore-patrol-robot-feature-lidar/tests/results/20260815_025439_039817_stop
frames= 19.6Hz stop=0 vx=+0.000 vy=+0.000 wz=+0.000 battery=23.95V
Stop burst sent.
Captured 26 valid frames (19.2 Hz average)
Opened /dev/ttyACM0 at 115200 baud
Results: <REPO_ROOT>/spore-patrol-robot-feature-lidar/tests/results/20260815_030450_512870_stop
frames= 19.6Hz stop=0 vx=+0.000 vy=+0.000 wz=+0.000 battery=23.92V
Stop burst sent.
Captured 26 valid frames (19.2 Hz average)
Opened /dev/ttyACM0 at 115200 baud
Results: <REPO_ROOT>/spore-patrol-robot-feature-lidar/tests/results/20260815_031501_940380_stop
frames= 19.6Hz stop=0 vx=+0.000 vy=+0.000 wz=+0.000 battery=23.92V
Stop burst sent.
Captured 26 valid frames (19.3 Hz average)
Opened /dev/ttyACM0 at 115200 baud
Results: <REPO_ROOT>/spore-patrol-robot-feature-lidar/tests/results/20260815_032513_364192_stop
frames= 19.6Hz stop=0 vx=+0.003 vy=-0.003 wz=+0.011 battery=23.92V
Stop burst sent.
Captured 26 valid frames (19.3 Hz average)
Opened /dev/ttyACM0 at 115200 baud
Results: <REPO_ROOT>/spore-patrol-robot-feature-lidar/tests/results/20260815_033524_788354_stop
frames= 19.6Hz stop=0 vx=+0.003 vy=+0.002 wz=+0.008 battery=23.92V
Stop burst sent.
Captured 26 valid frames (19.2 Hz average)
Opened /dev/ttyACM0 at 115200 baud
Results: <REPO_ROOT>/spore-patrol-robot-feature-lidar/tests/results/20260815_034536_271664_stop
frames= 19.6Hz stop=0 vx=+0.000 vy=+0.000 wz=-0.001 battery=23.91V
Stop burst sent.
Captured 26 valid frames (19.3 Hz average)
Opened /dev/ttyACM0 at 115200 baud
Results: <REPO_ROOT>/spore-patrol-robot-feature-lidar/tests/results/20260815_035547_721135_stop
frames= 22.9Hz stop=0 vx=+0.000 vy=+0.000 wz=+0.000 battery=23.91V
Stop burst sent.
Captured 27 valid frames (19.9 Hz average)
Opened /dev/ttyACM0 at 115200 baud
Results: <REPO_ROOT>/spore-patrol-robot-feature-lidar/tests/results/20260815_040559_161209_stop
frames= 19.6Hz stop=0 vx=+0.000 vy=+0.000 wz=+0.000 battery=23.90V
Stop burst sent.
Captured 26 valid frames (19.2 Hz average)
Opened /dev/ttyACM0 at 115200 baud
Results: <REPO_ROOT>/spore-patrol-robot-feature-lidar/tests/results/20260815_041610_653606_stop
frames= 19.6Hz stop=0 vx=+0.000 vy=+0.000 wz=+0.000 battery=23.90V
Stop burst sent.
Captured 26 valid frames (19.2 Hz average)
Opened /dev/ttyACM0 at 115200 baud
Results: <REPO_ROOT>/spore-patrol-robot-feature-lidar/tests/results/20260815_042622_145551_stop
frames= 22.9Hz stop=0 vx=+0.000 vy=+0.000 wz=+0.000 battery=23.89V
Stop burst sent.
Captured 27 valid frames (19.9 Hz average)
Opened /dev/ttyACM0 at 115200 baud
Results: <REPO_ROOT>/spore-patrol-robot-feature-lidar/tests/results/20260815_043633_596124_stop
frames= 19.6Hz stop=0 vx=+0.000 vy=+0.000 wz=+0.000 battery=23.89V
Stop burst sent.
Captured 26 valid frames (19.2 Hz average)
Opened /dev/ttyACM0 at 115200 baud
Results: <REPO_ROOT>/spore-patrol-robot-feature-lidar/tests/results/20260815_044645_025322_stop
frames= 22.9Hz stop=0 vx=+0.000 vy=+0.000 wz=+0.000 battery=23.89V
Stop burst sent.
Captured 27 valid frames (19.9 Hz average)
Opened /dev/ttyACM0 at 115200 baud
Results: <REPO_ROOT>/spore-patrol-robot-feature-lidar/tests/results/20260815_045656_470077_stop
frames= 19.6Hz stop=0 vx=+0.000 vy=+0.000 wz=+0.000 battery=23.87V
Stop burst sent.
Captured 26 valid frames (19.2 Hz average)
Opened /dev/ttyACM0 at 115200 baud
Results: <REPO_ROOT>/spore-patrol-robot-feature-lidar/tests/results/20260815_050707_917738_stop
frames= 19.6Hz stop=0 vx=+0.000 vy=+0.000 wz=+0.000 battery=23.88V
Stop burst sent.
Captured 26 valid frames (19.3 Hz average)
Opened /dev/ttyACM0 at 115200 baud
Results: <REPO_ROOT>/spore-patrol-robot-feature-lidar/tests/results/20260815_051719_372480_stop
frames= 22.9Hz stop=0 vx=+0.000 vy=+0.000 wz=+0.000 battery=23.87V
Stop burst sent.
Captured 27 valid frames (19.9 Hz average)
Opened /dev/ttyACM0 at 115200 baud
Results: <REPO_ROOT>/spore-patrol-robot-feature-lidar/tests/results/20260815_052730_800114_stop
frames= 19.7Hz stop=0 vx=+0.000 vy=+0.000 wz=+0.000 battery=23.87V
Stop burst sent.
Captured 26 valid frames (19.2 Hz average)
Opened /dev/ttyACM0 at 115200 baud
Results: <REPO_ROOT>/spore-patrol-robot-feature-lidar/tests/results/20260815_053742_234615_stop
frames= 19.6Hz stop=0 vx=+0.000 vy=+0.000 wz=+0.000 battery=23.85V
Stop burst sent.
Captured 26 valid frames (19.2 Hz average)
Opened /dev/ttyACM0 at 115200 baud
Results: <REPO_ROOT>/spore-patrol-robot-feature-lidar/tests/results/20260815_054753_676602_stop
frames= 19.6Hz stop=0 vx=+0.000 vy=+0.000 wz=+0.000 battery=23.86V
Stop burst sent.
Captured 26 valid frames (19.3 Hz average)
Opened /dev/ttyACM0 at 115200 baud
Results: <REPO_ROOT>/spore-patrol-robot-feature-lidar/tests/results/20260815_055805_107037_stop
frames= 19.6Hz stop=0 vx=+0.000 vy=+0.000 wz=-0.001 battery=23.86V
Stop burst sent.
Captured 26 valid frames (19.8 Hz average)
Opened /dev/ttyACM0 at 115200 baud
Results: <REPO_ROOT>/spore-patrol-robot-feature-lidar/tests/results/20260815_060816_554863_stop
frames= 19.6Hz stop=0 vx=+0.000 vy=+0.000 wz=+0.000 battery=23.85V
Stop burst sent.
Captured 26 valid frames (19.2 Hz average)
Opened /dev/ttyACM0 at 115200 baud
Results: <REPO_ROOT>/spore-patrol-robot-feature-lidar/tests/results/20260815_061827_988884_stop
frames= 22.9Hz stop=0 vx=+0.003 vy=-0.002 wz=-0.005 battery=23.85V
Stop burst sent.
Captured 27 valid frames (20.6 Hz average)
Opened /dev/ttyACM0 at 115200 baud
Results: <REPO_ROOT>/spore-patrol-robot-feature-lidar/tests/results/20260815_062839_408407_stop
frames= 19.6Hz stop=0 vx=+0.000 vy=+0.000 wz=+0.002 battery=23.85V
Stop burst sent.
Captured 26 valid frames (19.3 Hz average)
Opened /dev/ttyACM0 at 115200 baud
Results: <REPO_ROOT>/spore-patrol-robot-feature-lidar/tests/results/20260815_063850_849742_stop
frames= 19.6Hz stop=0 vx=+0.001 vy=-0.001 wz=+0.003 battery=23.85V
Stop burst sent.
Captured 26 valid frames (19.2 Hz average)
Opened /dev/ttyACM0 at 115200 baud
Results: <REPO_ROOT>/spore-patrol-robot-feature-lidar/tests/results/20260815_064902_266478_stop
frames= 22.9Hz stop=0 vx=+0.000 vy=+0.000 wz=+0.000 battery=23.84V
Stop burst sent.
Captured 27 valid frames (20.6 Hz average)
Opened /dev/ttyACM0 at 115200 baud
Results: <REPO_ROOT>/spore-patrol-robot-feature-lidar/tests/results/20260815_065913_683717_stop
frames= 19.6Hz stop=0 vx=+0.000 vy=+0.000 wz=-0.001 battery=23.85V
Stop burst sent.
Captured 26 valid frames (19.2 Hz average)
Opened /dev/ttyACM0 at 115200 baud
Results: <REPO_ROOT>/spore-patrol-robot-feature-lidar/tests/results/20260815_070925_113803_stop
frames= 22.9Hz stop=0 vx=+0.000 vy=+0.000 wz=+0.000 battery=23.85V
Stop burst sent.
Captured 27 valid frames (20.6 Hz average)
Opened /dev/ttyACM0 at 115200 baud
Results: <REPO_ROOT>/spore-patrol-robot-feature-lidar/tests/results/20260815_071936_508574_stop
frames= 19.6Hz stop=0 vx=+0.006 vy=-0.001 wz=+0.018 battery=23.85V
Stop burst sent.
Captured 26 valid frames (19.3 Hz average)
Opened /dev/ttyACM0 at 115200 baud
Results: <REPO_ROOT>/spore-patrol-robot-feature-lidar/tests/results/20260815_072947_984232_stop
frames= 19.6Hz stop=0 vx=+0.002 vy=-0.002 wz=-0.008 battery=23.84V
Stop burst sent.
Captured 26 valid frames (19.2 Hz average)
Opened /dev/ttyACM0 at 115200 baud
Results: <REPO_ROOT>/spore-patrol-robot-feature-lidar/tests/results/20260815_073959_419666_stop
frames= 19.6Hz stop=0 vx=+0.000 vy=+0.000 wz=+0.000 battery=23.84V
Stop burst sent.
Captured 26 valid frames (19.2 Hz average)
Opened /dev/ttyACM0 at 115200 baud
Results: <REPO_ROOT>/spore-patrol-robot-feature-lidar/tests/results/20260815_075010_897788_stop
frames= 22.9Hz stop=0 vx=+0.003 vy=-0.003 wz=+0.011 battery=23.84V
Stop burst sent.
Captured 27 valid frames (19.9 Hz average)
Opened /dev/ttyACM0 at 115200 baud
Results: <REPO_ROOT>/spore-patrol-robot-feature-lidar/tests/results/20260815_080022_339638_stop
frames= 19.6Hz stop=0 vx=+0.000 vy=+0.000 wz=+0.000 battery=23.83V
Stop burst sent.
Captured 26 valid frames (19.3 Hz average)
Opened /dev/ttyACM0 at 115200 baud
Results: <REPO_ROOT>/spore-patrol-robot-feature-lidar/tests/results/20260815_081033_822370_stop
frames= 19.6Hz stop=0 vx=+0.002 vy=-0.002 wz=-0.001 battery=23.83V
Stop burst sent.
Captured 26 valid frames (19.2 Hz average)
Opened /dev/ttyACM0 at 115200 baud
Results: <REPO_ROOT>/spore-patrol-robot-feature-lidar/tests/results/20260815_082045_261717_stop
frames= 19.6Hz stop=0 vx=+0.001 vy=+0.000 wz=-0.002 battery=23.83V
Stop burst sent.
Captured 26 valid frames (19.3 Hz average)
Opened /dev/ttyACM0 at 115200 baud
Results: <REPO_ROOT>/spore-patrol-robot-feature-lidar/tests/results/20260815_083056_732724_stop
frames= 22.9Hz stop=0 vx=+0.000 vy=+0.000 wz=+0.000 battery=23.83V
Stop burst sent.
Captured 27 valid frames (19.9 Hz average)
Opened /dev/ttyACM0 at 115200 baud
Results: <REPO_ROOT>/spore-patrol-robot-feature-lidar/tests/results/20260815_084108_170312_stop
frames= 19.6Hz stop=0 vx=+0.000 vy=+0.000 wz=+0.000 battery=23.83V
Stop burst sent.
Captured 26 valid frames (19.2 Hz average)
Opened /dev/ttyACM0 at 115200 baud
Results: <REPO_ROOT>/spore-patrol-robot-feature-lidar/tests/results/20260815_085119_658802_stop
frames= 19.6Hz stop=0 vx=+0.000 vy=+0.000 wz=+0.000 battery=23.83V
Stop burst sent.
Captured 26 valid frames (19.3 Hz average)
Opened /dev/ttyACM0 at 115200 baud
Results: <REPO_ROOT>/spore-patrol-robot-feature-lidar/tests/results/20260815_090131_084136_stop
frames= 22.9Hz stop=0 vx=+0.003 vy=+0.003 wz=+0.010 battery=23.83V
Stop burst sent.
Captured 27 valid frames (19.9 Hz average)
Opened /dev/ttyACM0 at 115200 baud
Results: <REPO_ROOT>/spore-patrol-robot-feature-lidar/tests/results/20260815_091142_520211_stop
frames= 19.6Hz stop=0 vx=+0.001 vy=-0.001 wz=-0.003 battery=23.83V
Stop burst sent.
Captured 26 valid frames (19.0 Hz average)
Opened /dev/ttyACM0 at 115200 baud
Results: <REPO_ROOT>/spore-patrol-robot-feature-lidar/tests/results/20260815_092154_002533_stop
frames= 19.6Hz stop=0 vx=+0.000 vy=+0.000 wz=+0.000 battery=23.82V
Stop burst sent.
Captured 26 valid frames (19.2 Hz average)
Opened /dev/ttyACM0 at 115200 baud
Results: <REPO_ROOT>/spore-patrol-robot-feature-lidar/tests/results/20260815_093205_439034_stop
frames= 19.6Hz stop=0 vx=+0.000 vy=+0.000 wz=+0.000 battery=23.82V
Stop burst sent.
Captured 26 valid frames (19.2 Hz average)
Opened /dev/ttyACM0 at 115200 baud
Results: <REPO_ROOT>/spore-patrol-robot-feature-lidar/tests/results/20260815_094216_869317_stop
frames= 19.6Hz stop=0 vx=+0.000 vy=+0.000 wz=+0.000 battery=23.82V
Stop burst sent.
Captured 26 valid frames (19.2 Hz average)
Opened /dev/ttyACM0 at 115200 baud
Results: <REPO_ROOT>/spore-patrol-robot-feature-lidar/tests/results/20260815_095228_299384_stop
frames= 19.6Hz stop=0 vx=+0.000 vy=+0.000 wz=+0.000 battery=23.82V
Stop burst sent.
Captured 26 valid frames (19.2 Hz average)
