[INFO] [launch]: All log files can be found below /home/miobarnacle/.ros/log/2026-08-31-13-50-53-687927-miobarnacle-ThinkBook-16p-27266
[INFO] [launch]: Default logging verbosity is set to INFO
[INFO] [gzserver-1]: process started with pid [27273]
[INFO] [robot_state_publisher-2]: process started with pid [27275]
[INFO] [spawn_entity.py-3]: process started with pid [27277]
[INFO] [async_slam_toolbox_node-4]: process started with pid [27279]
[async_slam_toolbox_node-4] [INFO] [1788155453.828559138] [slam_toolbox]: Node using stack size 40000000
[robot_state_publisher-2] [INFO] [1788155453.828936185] [robot_state_publisher]: got segment base_footprint
[robot_state_publisher-2] [INFO] [1788155453.828978372] [robot_state_publisher]: got segment base_link
[robot_state_publisher-2] [INFO] [1788155453.828982257] [robot_state_publisher]: got segment camera_link
[robot_state_publisher-2] [INFO] [1788155453.828984352] [robot_state_publisher]: got segment front_left_wheel_link
[robot_state_publisher-2] [INFO] [1788155453.828986638] [robot_state_publisher]: got segment front_right_wheel_link
[robot_state_publisher-2] [INFO] [1788155453.828988602] [robot_state_publisher]: got segment gnss_left_link
[robot_state_publisher-2] [INFO] [1788155453.828990633] [robot_state_publisher]: got segment gnss_right_link
[robot_state_publisher-2] [INFO] [1788155453.828992762] [robot_state_publisher]: got segment imu_link
[robot_state_publisher-2] [INFO] [1788155453.828994773] [robot_state_publisher]: got segment laser_link
[robot_state_publisher-2] [INFO] [1788155453.828996752] [robot_state_publisher]: got segment mast_link
[robot_state_publisher-2] [INFO] [1788155453.828998652] [robot_state_publisher]: got segment payload_link
[robot_state_publisher-2] [INFO] [1788155453.829000568] [robot_state_publisher]: got segment rear_left_wheel_link
[robot_state_publisher-2] [INFO] [1788155453.829003102] [robot_state_publisher]: got segment rear_right_wheel_link
[robot_state_publisher-2] [INFO] [1788155453.829005175] [robot_state_publisher]: got segment sensor_deck
[async_slam_toolbox_node-4] [INFO] [1788155453.837861687] [slam_toolbox]: Using solver plugin solver_plugins::CeresSolver
[spawn_entity.py-3] [INFO] [1788155453.955755525] [spawn_entity]: Spawn Entity started
[spawn_entity.py-3] [INFO] [1788155453.955939958] [spawn_entity]: Loading entity published on topic robot_description
[spawn_entity.py-3] [INFO] [1788155453.956970621] [spawn_entity]: Waiting for entity xml on robot_description
[spawn_entity.py-3] [INFO] [1788155453.967761963] [spawn_entity]: Waiting for service /spawn_entity, timeout = 30
[spawn_entity.py-3] [INFO] [1788155453.967898776] [spawn_entity]: Waiting for service /spawn_entity
[spawn_entity.py-3] [INFO] [1788155454.471247913] [spawn_entity]: Calling service /spawn_entity
[spawn_entity.py-3] [INFO] [1788155454.802576027] [spawn_entity]: Spawn status: SpawnEntity: Successfully spawned entity [spore_patrol_robot]
[INFO] [spawn_entity.py-3]: process has finished cleanly [pid 27277]
[gzserver-1] [INFO] [1788155454.925935252] [planar_drive]: Subscribed to [/cmd_vel]
[gzserver-1] [INFO] [1788155454.927137145] [planar_drive]: Advertise odometry on [/odom]
[gzserver-1] [INFO] [1788155454.928208162] [planar_drive]: Publishing odom transforms between [odom] and [base_footprint]
[async_slam_toolbox_node-4] Info: clipped range threshold to be within minimum and maximum range!
[async_slam_toolbox_node-4] Registering sensor: [Custom Described Lidar]
[async_slam_toolbox_node-4] WARNING: Logging before InitGoogleLogging() is written to STDERR
[async_slam_toolbox_node-4] W0831 13:53:55.509585 27315 preprocessor.cc:62] Specified options.num_threads: 50 exceeds maximum available from the threading model Ceres was compiled with: 24.  Bounding to maximum number available.
[async_slam_toolbox_node-4] W0831 13:54:47.471957 27315 preprocessor.cc:62] Specified options.num_threads: 50 exceeds maximum available from the threading model Ceres was compiled with: 24.  Bounding to maximum number available.
[async_slam_toolbox_node-4] [INFO] [1788155694.463705993] [rclcpp]: signal_handler(SIGINT/SIGTERM)
[robot_state_publisher-2] [INFO] [1788155694.463805559] [rclcpp]: signal_handler(SIGINT/SIGTERM)
[async_slam_toolbox_node-4] Save To File <REPO_ROOT>/spore-patrol-robot-feature-lidar/tests/results/20260831_135053_sim_farmland_8x6/sim_farmland_8x6.posegraph 
[async_slam_toolbox_node-4] Mapper <- Module
[async_slam_toolbox_node-4] Mapper <- m_pSequentialScanMatcher
[async_slam_toolbox_node-4] Mapper <- m_pGraph
[async_slam_toolbox_node-4] MapperGraph <- Graph; Graph <- m_Edges; Graph <- m_Vertices
[async_slam_toolbox_node-4] MapperGraph <- m_pMapper; MapperGraph <- m_pLoopScanMatcher; MapperGraph <- m_pTraversal
[async_slam_toolbox_node-4] Mapper <- m_pMapperSensorManager
[async_slam_toolbox_node-4] MapperSensorManager <- m_ScanManagers; MapperSensorManager <- m_Scans
[async_slam_toolbox_node-4] Mapper <- m_Listeners
[async_slam_toolbox_node-4] **Finished serializing Mapper**
[async_slam_toolbox_node-4] Save To File
[async_slam_toolbox_node-4] **Serializing Dataset**
[async_slam_toolbox_node-4] Dataset <- m_SensorNameLookup
[async_slam_toolbox_node-4] Dataset <- m_Data
[async_slam_toolbox_node-4] Dataset <- m_Lasers
[async_slam_toolbox_node-4] Dataset <- m_pDatasetInfo
[async_slam_toolbox_node-4] **Finished serializing Dataset**
[INFO] [robot_state_publisher-2]: process has finished cleanly [pid 27275]
[INFO] [async_slam_toolbox_node-4]: process has finished cleanly [pid 27279]
[INFO] [gzserver-1]: process has finished cleanly [pid 27273]
