{"event": "state_changed", "state": "NAVIGATING", "waypoint_index": 1, "waypoint_seq": 1, "sample_id": null, "total_waypoints": 4, "obstacle_stop": false, "timestamp": 1788265188.5192666}
---
{"event": "state_changed", "state": "NAVIGATING", "waypoint_index": 1, "waypoint_seq": 1, "sample_id": null, "total_waypoints": 4, "obstacle_stop": false, "timestamp": 1788265189.5192463}
---
{"event": "state_changed", "state": "NAVIGATING", "waypoint_index": 1, "waypoint_seq": 1, "sample_id": null, "total_waypoints": 4, "obstacle_stop": false, "timestamp": 1788265190.51928}
---
{"event": "state_changed", "state": "ARRIVED", "waypoint_seq": null, "sample_id": null, "message": null, "timestamp": 1788265191.3188589}
---
{"event": "waypoint_arrived", "state": "ARRIVED", "waypoint_seq": 1, "sample_id": null, "message": null, "timestamp": 1788265191.3188589}
---
{"event": "state_changed", "state": "SETTLING", "waypoint_seq": null, "sample_id": null, "message": null, "timestamp": 1788265191.3188589}
---
{"event": "state_changed", "state": "NAVIGATING", "waypoint_seq": null, "sample_id": null, "message": null, "timestamp": 1788265191.3188589}
---
{"event": "state_changed", "state": "NAVIGATING", "waypoint_index": 2, "waypoint_seq": 2, "sample_id": null, "total_waypoints": 4, "obstacle_stop": false, "timestamp": 1788265191.5192487}
---
{"event": "state_changed", "state": "NAVIGATING", "waypoint_index": 2, "waypoint_seq": 2, "sample_id": null, "total_waypoints": 4, "obstacle_stop": false, "timestamp": 1788265192.5192597}
---
{"event": "state_changed", "state": "NAVIGATING", "waypoint_index": 2, "waypoint_seq": 2, "sample_id": null, "total_waypoints": 4, "obstacle_stop": false, "timestamp": 1788265193.5192676}
---
{"event": "state_changed", "state": "NAVIGATING", "waypoint_index": 2, "waypoint_seq": 2, "sample_id": null, "total_waypoints": 4, "obstacle_stop": false, "timestamp": 1788265194.5192}
---
{"event": "state_changed", "state": "NAVIGATING", "waypoint_index": 2, "waypoint_seq": 2, "sample_id": null, "total_waypoints": 4, "obstacle_stop": false, "timestamp": 1788265195.5192485}
---
{"event": "state_changed", "state": "NAVIGATING", "waypoint_index": 2, "waypoint_seq": 2, "sample_id": null, "total_waypoints": 4, "obstacle_stop": false, "timestamp": 1788265196.5191867}
---
{"event": "state_changed", "state": "NAVIGATING", "waypoint_index": 2, "waypoint_seq": 2, "sample_id": null, "total_waypoints": 4, "obstacle_stop": false, "timestamp": 1788265197.5192373}
---
{"event": "state_changed", "state": "NAVIGATING", "waypoint_index": 2, "waypoint_seq": 2, "sample_id": null, "total_waypoints": 4, "obstacle_stop": false, "timestamp": 1788265198.519263}
---
{"event": "state_changed", "state": "NAVIGATING", "waypoint_index": 2, "waypoint_seq": 2, "sample_id": null, "total_waypoints": 4, "obstacle_stop": false, "timestamp": 1788265199.5192785}
---
{"event": "state_changed", "state": "ARRIVED", "waypoint_seq": null, "sample_id": null, "message": null, "timestamp": 1788265199.9188344}
---
{"event": "waypoint_arrived", "state": "ARRIVED", "waypoint_seq": 2, "sample_id": null, "message": null, "timestamp": 1788265199.9188344}
---
{"event": "state_changed", "state": "SETTLING", "waypoint_seq": null, "sample_id": null, "message": null, "timestamp": 1788265199.9188344}
---
{"event": "state_changed", "state": "NAVIGATING", "waypoint_seq": null, "sample_id": null, "message": null, "timestamp": 1788265199.9188344}
---
{"event": "state_changed", "state": "NAVIGATING", "waypoint_index": 3, "waypoint_seq": 3, "sample_id": null, "total_waypoints": 4, "obstacle_stop": false, "timestamp": 1788265200.5192728}
---
{"event": "state_changed", "state": "NAVIGATING", "waypoint_index": 3, "waypoint_seq": 3, "sample_id": null, "total_waypoints": 4, "obstacle_stop": false, "timestamp": 1788265201.5192683}
---
{"event": "state_changed", "state": "NAVIGATING", "waypoint_index": 3, "waypoint_seq": 3, "sample_id": null, "total_waypoints": 4, "obstacle_stop": false, "timestamp": 1788265202.5192559}
---
{"event": "state_changed", "state": "NAVIGATING", "waypoint_index": 3, "waypoint_seq": 3, "sample_id": null, "total_waypoints": 4, "obstacle_stop": false, "timestamp": 1788265203.519177}
---
{"event": "state_changed", "state": "NAVIGATING", "waypoint_index": 3, "waypoint_seq": 3, "sample_id": null, "total_waypoints": 4, "obstacle_stop": false, "timestamp": 1788265204.5192518}
---
{"event": "state_changed", "state": "NAVIGATING", "waypoint_index": 3, "waypoint_seq": 3, "sample_id": null, "total_waypoints": 4, "obstacle_stop": false, "timestamp": 1788265205.519179}
---
{"event": "state_changed", "state": "NAVIGATING", "waypoint_index": 3, "waypoint_seq": 3, "sample_id": null, "total_waypoints": 4, "obstacle_stop": false, "timestamp": 1788265206.5192595}
---
{"event": "state_changed", "state": "NAVIGATING", "waypoint_index": 3, "waypoint_seq": 3, "sample_id": null, "total_waypoints": 4, "obstacle_stop": false, "timestamp": 1788265207.5192542}
---
{"event": "state_changed", "state": "NAVIGATING", "waypoint_index": 3, "waypoint_seq": 3, "sample_id": null, "total_waypoints": 4, "obstacle_stop": false, "timestamp": 1788265208.5192976}
---
{"event": "state_changed", "state": "TASK_FINISHED", "waypoint_index": 4, "waypoint_seq": null, "sample_id": null, "total_waypoints": 4, "obstacle_stop": false, "timestamp": 1788265208.7188241}
---
{"event": "state_changed", "state": "ARRIVED", "waypoint_seq": null, "sample_id": null, "message": null, "timestamp": 1788265208.7188241}
---
{"event": "waypoint_arrived", "state": "ARRIVED", "waypoint_seq": 3, "sample_id": null, "message": null, "timestamp": 1788265208.7188241}
---
{"event": "state_changed", "state": "SETTLING", "waypoint_seq": null, "sample_id": null, "message": null, "timestamp": 1788265208.7188241}
---
{"event": "state_changed", "state": "TASK_FINISHED", "waypoint_seq": null, "sample_id": null, "message": null, "timestamp": 1788265208.7188241}
---
{"event": "task_finished", "state": "TASK_FINISHED", "waypoint_seq": null, "sample_id": null, "message": null, "timestamp": 1788265208.7188241}
---
{"event": "state_changed", "state": "TASK_FINISHED", "waypoint_index": 4, "waypoint_seq": null, "sample_id": null, "total_waypoints": 4, "obstacle_stop": false, "timestamp": 1788265209.5191166}
---
{"event": "state_changed", "state": "TASK_FINISHED", "waypoint_index": 4, "waypoint_seq": null, "sample_id": null, "total_waypoints": 4, "obstacle_stop": false, "timestamp": 1788265210.5191667}
---
{"event": "state_changed", "state": "TASK_FINISHED", "waypoint_index": 4, "waypoint_seq": null, "sample_id": null, "total_waypoints": 4, "obstacle_stop": false, "timestamp": 1788265211.5191221}
---
{"event": "state_changed", "state": "TASK_FINISHED", "waypoint_index": 4, "waypoint_seq": null, "sample_id": null, "total_waypoints": 4, "obstacle_stop": false, "timestamp": 1788265212.518992}
---
