{"event": "state_changed", "state": "NAVIGATING", "waypoint_index": 1, "waypoint_seq": 1, "sample_id": null, "total_waypoints": 7, "obstacle_stop": false, "timestamp": 1788262155.6054296}
---
{"event": "state_changed", "state": "NAVIGATING", "waypoint_index": 1, "waypoint_seq": 1, "sample_id": null, "total_waypoints": 7, "obstacle_stop": false, "timestamp": 1788262156.6054063}
---
{"event": "state_changed", "state": "NAVIGATING", "waypoint_index": 1, "waypoint_seq": 1, "sample_id": null, "total_waypoints": 7, "obstacle_stop": false, "timestamp": 1788262157.6054251}
---
{"event": "state_changed", "state": "NAVIGATING", "waypoint_index": 1, "waypoint_seq": 1, "sample_id": null, "total_waypoints": 7, "obstacle_stop": false, "timestamp": 1788262158.6053915}
---
{"event": "state_changed", "state": "NAVIGATING", "waypoint_index": 1, "waypoint_seq": 1, "sample_id": null, "total_waypoints": 7, "obstacle_stop": false, "timestamp": 1788262159.60542}
---
{"event": "state_changed", "state": "ARRIVED", "waypoint_seq": null, "sample_id": null, "message": null, "timestamp": 1788262159.7049625}
---
{"event": "waypoint_arrived", "state": "ARRIVED", "waypoint_seq": 1, "sample_id": null, "message": null, "timestamp": 1788262159.7049625}
---
{"event": "state_changed", "state": "SETTLING", "waypoint_seq": null, "sample_id": null, "message": null, "timestamp": 1788262159.7049625}
---
{"event": "state_changed", "state": "NAVIGATING", "waypoint_seq": null, "sample_id": null, "message": null, "timestamp": 1788262159.7049625}
---
{"event": "state_changed", "state": "NAVIGATING", "waypoint_index": 2, "waypoint_seq": 2, "sample_id": null, "total_waypoints": 7, "obstacle_stop": false, "timestamp": 1788262160.6053784}
---
{"event": "state_changed", "state": "NAVIGATING", "waypoint_index": 2, "waypoint_seq": 2, "sample_id": null, "total_waypoints": 7, "obstacle_stop": false, "timestamp": 1788262161.6054072}
---
{"event": "state_changed", "state": "NAVIGATING", "waypoint_index": 2, "waypoint_seq": 2, "sample_id": null, "total_waypoints": 7, "obstacle_stop": false, "timestamp": 1788262162.6053896}
---
{"event": "state_changed", "state": "NAVIGATING", "waypoint_index": 2, "waypoint_seq": 2, "sample_id": null, "total_waypoints": 7, "obstacle_stop": false, "timestamp": 1788262163.606872}
---
{"event": "state_changed", "state": "NAVIGATING", "waypoint_index": 2, "waypoint_seq": 2, "sample_id": null, "total_waypoints": 7, "obstacle_stop": false, "timestamp": 1788262164.6053824}
---
{"event": "state_changed", "state": "NAVIGATING", "waypoint_index": 2, "waypoint_seq": 2, "sample_id": null, "total_waypoints": 7, "obstacle_stop": false, "timestamp": 1788262165.6053865}
---
{"event": "state_changed", "state": "NAVIGATING", "waypoint_index": 2, "waypoint_seq": 2, "sample_id": null, "total_waypoints": 7, "obstacle_stop": false, "timestamp": 1788262166.6054392}
---
{"event": "state_changed", "state": "NAVIGATING", "waypoint_index": 2, "waypoint_seq": 2, "sample_id": null, "total_waypoints": 7, "obstacle_stop": true, "timestamp": 1788262167.6054206}
---
{"event": "state_changed", "state": "NAVIGATING", "waypoint_index": 2, "waypoint_seq": 2, "sample_id": null, "total_waypoints": 7, "obstacle_stop": true, "timestamp": 1788262168.6054165}
---
{"event": "state_changed", "state": "NAVIGATING", "waypoint_index": 2, "waypoint_seq": 2, "sample_id": null, "total_waypoints": 7, "obstacle_stop": true, "timestamp": 1788262169.605428}
---
{"event": "state_changed", "state": "NAVIGATING", "waypoint_index": 2, "waypoint_seq": 2, "sample_id": null, "total_waypoints": 7, "obstacle_stop": true, "timestamp": 1788262170.605403}
---
{"event": "state_changed", "state": "NAVIGATING", "waypoint_index": 2, "waypoint_seq": 2, "sample_id": null, "total_waypoints": 7, "obstacle_stop": true, "timestamp": 1788262171.6054137}
---
{"event": "state_changed", "state": "NAVIGATING", "waypoint_index": 2, "waypoint_seq": 2, "sample_id": null, "total_waypoints": 7, "obstacle_stop": true, "timestamp": 1788262172.605399}
---
{"event": "state_changed", "state": "NAVIGATING", "waypoint_index": 2, "waypoint_seq": 2, "sample_id": null, "total_waypoints": 7, "obstacle_stop": true, "timestamp": 1788262173.6053684}
---
{"event": "state_changed", "state": "NAVIGATING", "waypoint_index": 2, "waypoint_seq": 2, "sample_id": null, "total_waypoints": 7, "obstacle_stop": true, "timestamp": 1788262174.605396}
---
{"event": "state_changed", "state": "NAVIGATING", "waypoint_index": 2, "waypoint_seq": 2, "sample_id": null, "total_waypoints": 7, "obstacle_stop": true, "timestamp": 1788262175.605429}
---
{"event": "state_changed", "state": "NAVIGATING", "waypoint_index": 2, "waypoint_seq": 2, "sample_id": null, "total_waypoints": 7, "obstacle_stop": true, "timestamp": 1788262176.6054041}
---
{"event": "state_changed", "state": "NAVIGATING", "waypoint_index": 2, "waypoint_seq": 2, "sample_id": null, "total_waypoints": 7, "obstacle_stop": true, "timestamp": 1788262177.6054273}
---
{"event": "state_changed", "state": "NAVIGATING", "waypoint_index": 2, "waypoint_seq": 2, "sample_id": null, "total_waypoints": 7, "obstacle_stop": true, "timestamp": 1788262178.6054096}
---
{"event": "state_changed", "state": "NAVIGATING", "waypoint_index": 2, "waypoint_seq": 2, "sample_id": null, "total_waypoints": 7, "obstacle_stop": true, "timestamp": 1788262179.605912}
---
{"event": "state_changed", "state": "NAVIGATING", "waypoint_index": 2, "waypoint_seq": 2, "sample_id": null, "total_waypoints": 7, "obstacle_stop": true, "timestamp": 1788262180.605406}
---
{"event": "state_changed", "state": "NAVIGATING", "waypoint_index": 2, "waypoint_seq": 2, "sample_id": null, "total_waypoints": 7, "obstacle_stop": true, "timestamp": 1788262181.6061988}
---
{"event": "state_changed", "state": "NAVIGATING", "waypoint_index": 2, "waypoint_seq": 2, "sample_id": null, "total_waypoints": 7, "obstacle_stop": true, "timestamp": 1788262182.6054163}
---
{"event": "state_changed", "state": "NAVIGATING", "waypoint_index": 2, "waypoint_seq": 2, "sample_id": null, "total_waypoints": 7, "obstacle_stop": true, "timestamp": 1788262183.6062217}
---
{"event": "state_changed", "state": "NAVIGATING", "waypoint_index": 2, "waypoint_seq": 2, "sample_id": null, "total_waypoints": 7, "obstacle_stop": true, "timestamp": 1788262184.6054013}
---
{"event": "state_changed", "state": "NAVIGATING", "waypoint_index": 2, "waypoint_seq": 2, "sample_id": null, "total_waypoints": 7, "obstacle_stop": true, "timestamp": 1788262185.6063232}
---
{"event": "state_changed", "state": "NAVIGATING", "waypoint_index": 2, "waypoint_seq": 2, "sample_id": null, "total_waypoints": 7, "obstacle_stop": true, "timestamp": 1788262186.6054344}
---
{"event": "state_changed", "state": "NAVIGATING", "waypoint_index": 2, "waypoint_seq": 2, "sample_id": null, "total_waypoints": 7, "obstacle_stop": true, "timestamp": 1788262187.6062868}
---
{"event": "state_changed", "state": "NAVIGATING", "waypoint_index": 2, "waypoint_seq": 2, "sample_id": null, "total_waypoints": 7, "obstacle_stop": true, "timestamp": 1788262188.6055927}
---
{"event": "state_changed", "state": "NAVIGATING", "waypoint_index": 2, "waypoint_seq": 2, "sample_id": null, "total_waypoints": 7, "obstacle_stop": true, "timestamp": 1788262189.6065295}
---
{"event": "state_changed", "state": "NAVIGATING", "waypoint_index": 2, "waypoint_seq": 2, "sample_id": null, "total_waypoints": 7, "obstacle_stop": true, "timestamp": 1788262190.6053963}
---
{"event": "state_changed", "state": "NAVIGATING", "waypoint_index": 2, "waypoint_seq": 2, "sample_id": null, "total_waypoints": 7, "obstacle_stop": true, "timestamp": 1788262191.6054163}
---
{"event": "state_changed", "state": "NAVIGATING", "waypoint_index": 2, "waypoint_seq": 2, "sample_id": null, "total_waypoints": 7, "obstacle_stop": true, "timestamp": 1788262192.605402}
---
{"event": "state_changed", "state": "NAVIGATING", "waypoint_index": 2, "waypoint_seq": 2, "sample_id": null, "total_waypoints": 7, "obstacle_stop": true, "timestamp": 1788262193.6054103}
---
{"event": "state_changed", "state": "NAVIGATING", "waypoint_index": 2, "waypoint_seq": 2, "sample_id": null, "total_waypoints": 7, "obstacle_stop": true, "timestamp": 1788262194.605314}
---
{"event": "state_changed", "state": "NAVIGATING", "waypoint_index": 2, "waypoint_seq": 2, "sample_id": null, "total_waypoints": 7, "obstacle_stop": true, "timestamp": 1788262195.605364}
---
{"event": "state_changed", "state": "NAVIGATING", "waypoint_index": 2, "waypoint_seq": 2, "sample_id": null, "total_waypoints": 7, "obstacle_stop": true, "timestamp": 1788262196.6054254}
---
{"event": "state_changed", "state": "NAVIGATING", "waypoint_index": 2, "waypoint_seq": 2, "sample_id": null, "total_waypoints": 7, "obstacle_stop": true, "timestamp": 1788262197.6054146}
---
{"event": "state_changed", "state": "NAVIGATING", "waypoint_index": 2, "waypoint_seq": 2, "sample_id": null, "total_waypoints": 7, "obstacle_stop": true, "timestamp": 1788262198.6053948}
---
{"event": "state_changed", "state": "NAVIGATING", "waypoint_index": 2, "waypoint_seq": 2, "sample_id": null, "total_waypoints": 7, "obstacle_stop": true, "timestamp": 1788262199.6053684}
---
{"event": "state_changed", "state": "NAVIGATING", "waypoint_index": 2, "waypoint_seq": 2, "sample_id": null, "total_waypoints": 7, "obstacle_stop": true, "timestamp": 1788262200.6053693}
---
{"event": "state_changed", "state": "NAVIGATING", "waypoint_index": 2, "waypoint_seq": 2, "sample_id": null, "total_waypoints": 7, "obstacle_stop": true, "timestamp": 1788262201.6053853}
---
{"event": "state_changed", "state": "NAVIGATING", "waypoint_index": 2, "waypoint_seq": 2, "sample_id": null, "total_waypoints": 7, "obstacle_stop": true, "timestamp": 1788262202.6054251}
---
{"event": "state_changed", "state": "NAVIGATING", "waypoint_index": 2, "waypoint_seq": 2, "sample_id": null, "total_waypoints": 7, "obstacle_stop": true, "timestamp": 1788262203.6054115}
---
{"event": "state_changed", "state": "NAVIGATING", "waypoint_index": 2, "waypoint_seq": 2, "sample_id": null, "total_waypoints": 7, "obstacle_stop": true, "timestamp": 1788262204.6054199}
---
{"event": "state_changed", "state": "NAVIGATING", "waypoint_index": 2, "waypoint_seq": 2, "sample_id": null, "total_waypoints": 7, "obstacle_stop": true, "timestamp": 1788262205.6054068}
---
{"event": "state_changed", "state": "NAVIGATING", "waypoint_index": 2, "waypoint_seq": 2, "sample_id": null, "total_waypoints": 7, "obstacle_stop": true, "timestamp": 1788262206.605414}
---
{"event": "state_changed", "state": "NAVIGATING", "waypoint_index": 2, "waypoint_seq": 2, "sample_id": null, "total_waypoints": 7, "obstacle_stop": true, "timestamp": 1788262207.6054132}
---
{"event": "state_changed", "state": "NAVIGATING", "waypoint_index": 2, "waypoint_seq": 2, "sample_id": null, "total_waypoints": 7, "obstacle_stop": true, "timestamp": 1788262208.6054003}
---
{"event": "state_changed", "state": "NAVIGATING", "waypoint_index": 2, "waypoint_seq": 2, "sample_id": null, "total_waypoints": 7, "obstacle_stop": true, "timestamp": 1788262209.6054058}
---
{"event": "state_changed", "state": "NAVIGATING", "waypoint_index": 2, "waypoint_seq": 2, "sample_id": null, "total_waypoints": 7, "obstacle_stop": false, "timestamp": 1788262210.6053898}
---
{"event": "state_changed", "state": "NAVIGATING", "waypoint_index": 2, "waypoint_seq": 2, "sample_id": null, "total_waypoints": 7, "obstacle_stop": false, "timestamp": 1788262211.605405}
---
{"event": "state_changed", "state": "NAVIGATING", "waypoint_index": 2, "waypoint_seq": 2, "sample_id": null, "total_waypoints": 7, "obstacle_stop": false, "timestamp": 1788262212.6054602}
---
{"event": "state_changed", "state": "NAVIGATING", "waypoint_index": 2, "waypoint_seq": 2, "sample_id": null, "total_waypoints": 7, "obstacle_stop": false, "timestamp": 1788262213.6054738}
---
{"event": "state_changed", "state": "NAVIGATING", "waypoint_index": 2, "waypoint_seq": 2, "sample_id": null, "total_waypoints": 7, "obstacle_stop": false, "timestamp": 1788262214.6054358}
---
{"event": "state_changed", "state": "NAVIGATING", "waypoint_index": 2, "waypoint_seq": 2, "sample_id": null, "total_waypoints": 7, "obstacle_stop": false, "timestamp": 1788262215.6054}
---
{"event": "state_changed", "state": "NAVIGATING", "waypoint_index": 2, "waypoint_seq": 2, "sample_id": null, "total_waypoints": 7, "obstacle_stop": false, "timestamp": 1788262216.6054027}
---
{"event": "state_changed", "state": "NAVIGATING", "waypoint_index": 2, "waypoint_seq": 2, "sample_id": null, "total_waypoints": 7, "obstacle_stop": false, "timestamp": 1788262217.6054225}
---
{"event": "state_changed", "state": "ARRIVED", "waypoint_seq": null, "sample_id": null, "message": null, "timestamp": 1788262218.3049712}
---
{"event": "waypoint_arrived", "state": "ARRIVED", "waypoint_seq": 2, "sample_id": null, "message": null, "timestamp": 1788262218.3049712}
---
{"event": "state_changed", "state": "SETTLING", "waypoint_seq": null, "sample_id": null, "message": null, "timestamp": 1788262218.3049712}
---
{"event": "state_changed", "state": "NAVIGATING", "waypoint_seq": null, "sample_id": null, "message": null, "timestamp": 1788262218.3049712}
---
{"event": "state_changed", "state": "NAVIGATING", "waypoint_index": 3, "waypoint_seq": 3, "sample_id": null, "total_waypoints": 7, "obstacle_stop": false, "timestamp": 1788262218.605435}
---
{"event": "state_changed", "state": "NAVIGATING", "waypoint_index": 3, "waypoint_seq": 3, "sample_id": null, "total_waypoints": 7, "obstacle_stop": false, "timestamp": 1788262219.6055248}
---
{"event": "state_changed", "state": "NAVIGATING", "waypoint_index": 3, "waypoint_seq": 3, "sample_id": null, "total_waypoints": 7, "obstacle_stop": true, "timestamp": 1788262220.6054568}
---
{"event": "state_changed", "state": "NAVIGATING", "waypoint_index": 3, "waypoint_seq": 3, "sample_id": null, "total_waypoints": 7, "obstacle_stop": true, "timestamp": 1788262221.6054018}
---
{"event": "state_changed", "state": "NAVIGATING", "waypoint_index": 3, "waypoint_seq": 3, "sample_id": null, "total_waypoints": 7, "obstacle_stop": true, "timestamp": 1788262222.6054401}
---
{"event": "state_changed", "state": "NAVIGATING", "waypoint_index": 3, "waypoint_seq": 3, "sample_id": null, "total_waypoints": 7, "obstacle_stop": true, "timestamp": 1788262223.6061091}
---
{"event": "state_changed", "state": "NAVIGATING", "waypoint_index": 3, "waypoint_seq": 3, "sample_id": null, "total_waypoints": 7, "obstacle_stop": false, "timestamp": 1788262224.6054275}
---
{"event": "state_changed", "state": "NAVIGATING", "waypoint_index": 3, "waypoint_seq": 3, "sample_id": null, "total_waypoints": 7, "obstacle_stop": true, "timestamp": 1788262225.605451}
---
{"event": "state_changed", "state": "NAVIGATING", "waypoint_index": 3, "waypoint_seq": 3, "sample_id": null, "total_waypoints": 7, "obstacle_stop": true, "timestamp": 1788262226.605462}
---
{"event": "state_changed", "state": "NAVIGATING", "waypoint_index": 3, "waypoint_seq": 3, "sample_id": null, "total_waypoints": 7, "obstacle_stop": true, "timestamp": 1788262227.6054802}
---
{"event": "state_changed", "state": "NAVIGATING", "waypoint_index": 3, "waypoint_seq": 3, "sample_id": null, "total_waypoints": 7, "obstacle_stop": false, "timestamp": 1788262228.6054113}
---
{"event": "state_changed", "state": "NAVIGATING", "waypoint_index": 3, "waypoint_seq": 3, "sample_id": null, "total_waypoints": 7, "obstacle_stop": false, "timestamp": 1788262229.6054087}
---
{"event": "state_changed", "state": "NAVIGATING", "waypoint_index": 3, "waypoint_seq": 3, "sample_id": null, "total_waypoints": 7, "obstacle_stop": false, "timestamp": 1788262230.6054053}
---
{"event": "state_changed", "state": "NAVIGATING", "waypoint_index": 3, "waypoint_seq": 3, "sample_id": null, "total_waypoints": 7, "obstacle_stop": false, "timestamp": 1788262231.6054547}
---
