{"event": "state_changed", "state": "NAVIGATING", "waypoint_index": 1, "waypoint_seq": 1, "sample_id": null, "total_waypoints": 5, "obstacle_stop": false, "timestamp": 1787761576.6813414}
---
{"event": "state_changed", "state": "NAVIGATING", "waypoint_index": 1, "waypoint_seq": 1, "sample_id": null, "total_waypoints": 5, "obstacle_stop": false, "timestamp": 1787761577.6813426}
---
{"event": "state_changed", "state": "NAVIGATING", "waypoint_index": 1, "waypoint_seq": 1, "sample_id": null, "total_waypoints": 5, "obstacle_stop": false, "timestamp": 1787761578.6813326}
---
{"event": "state_changed", "state": "NAVIGATING", "waypoint_index": 1, "waypoint_seq": 1, "sample_id": null, "total_waypoints": 5, "obstacle_stop": false, "timestamp": 1787761579.68134}
---
{"event": "state_changed", "state": "NAVIGATING", "waypoint_index": 1, "waypoint_seq": 1, "sample_id": null, "total_waypoints": 5, "obstacle_stop": false, "timestamp": 1787761580.681547}
---
{"event": "state_changed", "state": "NAVIGATING", "waypoint_index": 1, "waypoint_seq": 1, "sample_id": null, "total_waypoints": 5, "obstacle_stop": false, "timestamp": 1787761581.6813529}
---
{"event": "state_changed", "state": "NAVIGATING", "waypoint_index": 1, "waypoint_seq": 1, "sample_id": null, "total_waypoints": 5, "obstacle_stop": false, "timestamp": 1787761582.681366}
---
{"event": "state_changed", "state": "NAVIGATING", "waypoint_index": 1, "waypoint_seq": 1, "sample_id": null, "total_waypoints": 5, "obstacle_stop": false, "timestamp": 1787761583.681337}
---
{"event": "state_changed", "state": "NAVIGATING", "waypoint_index": 1, "waypoint_seq": 1, "sample_id": null, "total_waypoints": 5, "obstacle_stop": false, "timestamp": 1787761584.681352}
---
{"event": "state_changed", "state": "ARRIVED", "waypoint_seq": null, "sample_id": null, "message": null, "timestamp": 1787761585.1810977}
---
{"event": "waypoint_arrived", "state": "ARRIVED", "waypoint_seq": 1, "sample_id": null, "message": null, "timestamp": 1787761585.1810977}
---
{"event": "state_changed", "state": "SETTLING", "waypoint_seq": null, "sample_id": null, "message": null, "timestamp": 1787761585.1810977}
---
{"event": "state_changed", "state": "NAVIGATING", "waypoint_seq": null, "sample_id": null, "message": null, "timestamp": 1787761585.1810977}
---
{"event": "state_changed", "state": "NAVIGATING", "waypoint_index": 2, "waypoint_seq": 2, "sample_id": null, "total_waypoints": 5, "obstacle_stop": false, "timestamp": 1787761585.6813602}
---
{"event": "state_changed", "state": "NAVIGATING", "waypoint_index": 2, "waypoint_seq": 2, "sample_id": null, "total_waypoints": 5, "obstacle_stop": false, "timestamp": 1787761586.6814032}
---
{"event": "state_changed", "state": "NAVIGATING", "waypoint_index": 2, "waypoint_seq": 2, "sample_id": null, "total_waypoints": 5, "obstacle_stop": false, "timestamp": 1787761587.6813333}
---
{"event": "state_changed", "state": "NAVIGATING", "waypoint_index": 2, "waypoint_seq": 2, "sample_id": null, "total_waypoints": 5, "obstacle_stop": false, "timestamp": 1787761588.681356}
---
{"event": "state_changed", "state": "NAVIGATING", "waypoint_index": 2, "waypoint_seq": 2, "sample_id": null, "total_waypoints": 5, "obstacle_stop": false, "timestamp": 1787761589.6813295}
---
{"event": "state_changed", "state": "NAVIGATING", "waypoint_index": 2, "waypoint_seq": 2, "sample_id": null, "total_waypoints": 5, "obstacle_stop": false, "timestamp": 1787761590.6813815}
---
{"event": "state_changed", "state": "NAVIGATING", "waypoint_index": 2, "waypoint_seq": 2, "sample_id": null, "total_waypoints": 5, "obstacle_stop": false, "timestamp": 1787761591.6813416}
---
{"event": "state_changed", "state": "NAVIGATING", "waypoint_index": 2, "waypoint_seq": 2, "sample_id": null, "total_waypoints": 5, "obstacle_stop": false, "timestamp": 1787761592.6813166}
---
{"event": "state_changed", "state": "NAVIGATING", "waypoint_index": 2, "waypoint_seq": 2, "sample_id": null, "total_waypoints": 5, "obstacle_stop": false, "timestamp": 1787761593.6813502}
---
{"event": "state_changed", "state": "NAVIGATING", "waypoint_index": 2, "waypoint_seq": 2, "sample_id": null, "total_waypoints": 5, "obstacle_stop": false, "timestamp": 1787761594.6813328}
---
{"event": "state_changed", "state": "NAVIGATING", "waypoint_index": 2, "waypoint_seq": 2, "sample_id": null, "total_waypoints": 5, "obstacle_stop": false, "timestamp": 1787761595.681336}
---
{"event": "state_changed", "state": "NAVIGATING", "waypoint_index": 2, "waypoint_seq": 2, "sample_id": null, "total_waypoints": 5, "obstacle_stop": false, "timestamp": 1787761596.681343}
---
{"event": "state_changed", "state": "NAVIGATING", "waypoint_index": 2, "waypoint_seq": 2, "sample_id": null, "total_waypoints": 5, "obstacle_stop": false, "timestamp": 1787761597.6813605}
---
{"event": "state_changed", "state": "ARRIVED", "waypoint_seq": null, "sample_id": null, "message": null, "timestamp": 1787761598.0809715}
---
{"event": "waypoint_arrived", "state": "ARRIVED", "waypoint_seq": 2, "sample_id": null, "message": null, "timestamp": 1787761598.0809715}
---
{"event": "state_changed", "state": "SETTLING", "waypoint_seq": null, "sample_id": null, "message": null, "timestamp": 1787761598.0809715}
---
{"event": "state_changed", "state": "NAVIGATING", "waypoint_seq": null, "sample_id": null, "message": null, "timestamp": 1787761598.0809715}
---
{"event": "state_changed", "state": "NAVIGATING", "waypoint_index": 3, "waypoint_seq": 3, "sample_id": null, "total_waypoints": 5, "obstacle_stop": false, "timestamp": 1787761598.6813414}
---
{"event": "state_changed", "state": "NAVIGATING", "waypoint_index": 3, "waypoint_seq": 3, "sample_id": null, "total_waypoints": 5, "obstacle_stop": false, "timestamp": 1787761599.681333}
---
{"event": "state_changed", "state": "NAVIGATING", "waypoint_index": 3, "waypoint_seq": 3, "sample_id": null, "total_waypoints": 5, "obstacle_stop": false, "timestamp": 1787761600.6813836}
---
{"event": "state_changed", "state": "NAVIGATING", "waypoint_index": 3, "waypoint_seq": 3, "sample_id": null, "total_waypoints": 5, "obstacle_stop": false, "timestamp": 1787761601.681387}
---
{"event": "state_changed", "state": "NAVIGATING", "waypoint_index": 3, "waypoint_seq": 3, "sample_id": null, "total_waypoints": 5, "obstacle_stop": false, "timestamp": 1787761602.6813364}
---
{"event": "state_changed", "state": "NAVIGATING", "waypoint_index": 3, "waypoint_seq": 3, "sample_id": null, "total_waypoints": 5, "obstacle_stop": false, "timestamp": 1787761603.6813421}
---
{"event": "state_changed", "state": "NAVIGATING", "waypoint_index": 3, "waypoint_seq": 3, "sample_id": null, "total_waypoints": 5, "obstacle_stop": false, "timestamp": 1787761604.6813662}
---
{"event": "state_changed", "state": "NAVIGATING", "waypoint_index": 3, "waypoint_seq": 3, "sample_id": null, "total_waypoints": 5, "obstacle_stop": false, "timestamp": 1787761605.6813476}
---
{"event": "state_changed", "state": "NAVIGATING", "waypoint_index": 3, "waypoint_seq": 3, "sample_id": null, "total_waypoints": 5, "obstacle_stop": false, "timestamp": 1787761606.6813211}
---
{"event": "state_changed", "state": "NAVIGATING", "waypoint_index": 3, "waypoint_seq": 3, "sample_id": null, "total_waypoints": 5, "obstacle_stop": false, "timestamp": 1787761607.681337}
---
{"event": "state_changed", "state": "NAVIGATING", "waypoint_index": 3, "waypoint_seq": 3, "sample_id": null, "total_waypoints": 5, "obstacle_stop": false, "timestamp": 1787761608.6813335}
---
{"event": "state_changed", "state": "NAVIGATING", "waypoint_index": 3, "waypoint_seq": 3, "sample_id": null, "total_waypoints": 5, "obstacle_stop": false, "timestamp": 1787761609.681324}
---
{"event": "state_changed", "state": "ARRIVED", "waypoint_seq": null, "sample_id": null, "message": null, "timestamp": 1787761610.5809708}
---
{"event": "waypoint_arrived", "state": "ARRIVED", "waypoint_seq": 3, "sample_id": null, "message": null, "timestamp": 1787761610.5809708}
---
{"event": "state_changed", "state": "SETTLING", "waypoint_seq": null, "sample_id": null, "message": null, "timestamp": 1787761610.5809708}
---
{"event": "state_changed", "state": "NAVIGATING", "waypoint_seq": null, "sample_id": null, "message": null, "timestamp": 1787761610.5809708}
---
{"event": "state_changed", "state": "NAVIGATING", "waypoint_index": 4, "waypoint_seq": 4, "sample_id": "S3", "total_waypoints": 5, "obstacle_stop": false, "timestamp": 1787761610.6813452}
---
{"event": "state_changed", "state": "NAVIGATING", "waypoint_index": 4, "waypoint_seq": 4, "sample_id": "S3", "total_waypoints": 5, "obstacle_stop": false, "timestamp": 1787761611.6813424}
---
{"event": "state_changed", "state": "NAVIGATING", "waypoint_index": 4, "waypoint_seq": 4, "sample_id": "S3", "total_waypoints": 5, "obstacle_stop": false, "timestamp": 1787761612.6813307}
---
{"event": "state_changed", "state": "NAVIGATING", "waypoint_index": 4, "waypoint_seq": 4, "sample_id": "S3", "total_waypoints": 5, "obstacle_stop": false, "timestamp": 1787761613.6816318}
---
{"event": "state_changed", "state": "NAVIGATING", "waypoint_index": 4, "waypoint_seq": 4, "sample_id": "S3", "total_waypoints": 5, "obstacle_stop": false, "timestamp": 1787761614.681355}
---
{"event": "state_changed", "state": "NAVIGATING", "waypoint_index": 4, "waypoint_seq": 4, "sample_id": "S3", "total_waypoints": 5, "obstacle_stop": false, "timestamp": 1787761615.681379}
---
{"event": "state_changed", "state": "NAVIGATING", "waypoint_index": 4, "waypoint_seq": 4, "sample_id": "S3", "total_waypoints": 5, "obstacle_stop": false, "timestamp": 1787761616.6813335}
---
{"event": "state_changed", "state": "NAVIGATING", "waypoint_index": 4, "waypoint_seq": 4, "sample_id": "S3", "total_waypoints": 5, "obstacle_stop": false, "timestamp": 1787761617.6813138}
---
{"event": "state_changed", "state": "NAVIGATING", "waypoint_index": 4, "waypoint_seq": 4, "sample_id": "S3", "total_waypoints": 5, "obstacle_stop": false, "timestamp": 1787761618.6813483}
---
{"event": "state_changed", "state": "NAVIGATING", "waypoint_index": 4, "waypoint_seq": 4, "sample_id": "S3", "total_waypoints": 5, "obstacle_stop": false, "timestamp": 1787761619.681344}
---
{"event": "state_changed", "state": "NAVIGATING", "waypoint_index": 4, "waypoint_seq": 4, "sample_id": "S3", "total_waypoints": 5, "obstacle_stop": false, "timestamp": 1787761620.6813273}
---
{"event": "state_changed", "state": "ARRIVED", "waypoint_seq": null, "sample_id": null, "message": null, "timestamp": 1787761620.8809845}
---
{"event": "waypoint_arrived", "state": "ARRIVED", "waypoint_seq": 4, "sample_id": "S3", "message": null, "timestamp": 1787761620.8809845}
---
{"event": "state_changed", "state": "SETTLING", "waypoint_seq": null, "sample_id": null, "message": null, "timestamp": 1787761620.8809845}
---
{"event": "state_changed", "state": "SAMPLE_REQUESTED", "waypoint_seq": null, "sample_id": null, "message": null, "timestamp": 1787761620.8809845}
---
{"event": "state_changed", "state": "SAMPLING", "waypoint_seq": null, "sample_id": null, "message": null, "timestamp": 1787761620.8809845}
---
{"event": "sample_requested", "state": "SAMPLING", "waypoint_seq": 4, "sample_id": "S3", "message": null, "timestamp": 1787761620.8809845}
---
{"event": "state_changed", "state": "SAMPLING", "waypoint_index": 4, "waypoint_seq": 4, "sample_id": "S3", "total_waypoints": 5, "obstacle_stop": false, "timestamp": 1787761621.6812308}
---
{"event": "state_changed", "state": "SAMPLING", "waypoint_index": 4, "waypoint_seq": 4, "sample_id": "S3", "total_waypoints": 5, "obstacle_stop": false, "timestamp": 1787761622.6815186}
---
{"event": "state_changed", "state": "TASK_FINISHED", "waypoint_index": 5, "waypoint_seq": null, "sample_id": null, "total_waypoints": 5, "obstacle_stop": false, "timestamp": 1787761622.881056}
---
{"event": "state_changed", "state": "SAMPLE_FINISHED", "waypoint_seq": null, "sample_id": null, "message": null, "timestamp": 1787761622.881056}
---
{"event": "sample_finished", "state": "SAMPLE_FINISHED", "waypoint_seq": 4, "sample_id": "S3", "message": null, "timestamp": 1787761622.881056}
---
{"event": "state_changed", "state": "TASK_FINISHED", "waypoint_seq": null, "sample_id": null, "message": null, "timestamp": 1787761622.881056}
---
{"event": "task_finished", "state": "TASK_FINISHED", "waypoint_seq": null, "sample_id": null, "message": null, "timestamp": 1787761622.881056}
---
{"event": "state_changed", "state": "TASK_FINISHED", "waypoint_index": 5, "waypoint_seq": null, "sample_id": null, "total_waypoints": 5, "obstacle_stop": false, "timestamp": 1787761623.6812394}
---
{"event": "state_changed", "state": "TASK_FINISHED", "waypoint_index": 5, "waypoint_seq": null, "sample_id": null, "total_waypoints": 5, "obstacle_stop": false, "timestamp": 1787761624.6812334}
---
{"event": "state_changed", "state": "TASK_FINISHED", "waypoint_index": 5, "waypoint_seq": null, "sample_id": null, "total_waypoints": 5, "obstacle_stop": false, "timestamp": 1787761625.6812043}
---
{"event": "state_changed", "state": "TASK_FINISHED", "waypoint_index": 5, "waypoint_seq": null, "sample_id": null, "total_waypoints": 5, "obstacle_stop": false, "timestamp": 1787761626.6812713}
---
{"event": "state_changed", "state": "TASK_FINISHED", "waypoint_index": 5, "waypoint_seq": null, "sample_id": null, "total_waypoints": 5, "obstacle_stop": false, "timestamp": 1787761627.681222}
---
{"event": "state_changed", "state": "TASK_FINISHED", "waypoint_index": 5, "waypoint_seq": null, "sample_id": null, "total_waypoints": 5, "obstacle_stop": false, "timestamp": 1787761628.6812737}
---
{"event": "state_changed", "state": "TASK_FINISHED", "waypoint_index": 5, "waypoint_seq": null, "sample_id": null, "total_waypoints": 5, "obstacle_stop": false, "timestamp": 1787761629.6814}
---
{"event": "state_changed", "state": "TASK_FINISHED", "waypoint_index": 5, "waypoint_seq": null, "sample_id": null, "total_waypoints": 5, "obstacle_stop": false, "timestamp": 1787761630.681221}
---
{"event": "state_changed", "state": "TASK_FINISHED", "waypoint_index": 5, "waypoint_seq": null, "sample_id": null, "total_waypoints": 5, "obstacle_stop": false, "timestamp": 1787761631.6812243}
---
{"event": "state_changed", "state": "TASK_FINISHED", "waypoint_index": 5, "waypoint_seq": null, "sample_id": null, "total_waypoints": 5, "obstacle_stop": false, "timestamp": 1787761632.6811879}
---
{"event": "state_changed", "state": "TASK_FINISHED", "waypoint_index": 5, "waypoint_seq": null, "sample_id": null, "total_waypoints": 5, "obstacle_stop": false, "timestamp": 1787761633.6812077}
---
{"event": "state_changed", "state": "TASK_FINISHED", "waypoint_index": 5, "waypoint_seq": null, "sample_id": null, "total_waypoints": 5, "obstacle_stop": false, "timestamp": 1787761634.681207}
---
{"event": "state_changed", "state": "TASK_FINISHED", "waypoint_index": 5, "waypoint_seq": null, "sample_id": null, "total_waypoints": 5, "obstacle_stop": false, "timestamp": 1787761635.6812685}
---
{"event": "state_changed", "state": "TASK_FINISHED", "waypoint_index": 5, "waypoint_seq": null, "sample_id": null, "total_waypoints": 5, "obstacle_stop": false, "timestamp": 1787761636.6812482}
---
