{"event": "state_changed", "state": "NAVIGATING", "waypoint_index": 1, "waypoint_seq": 1, "sample_id": null, "total_waypoints": 6, "obstacle_stop": false, "timestamp": 1787761791.8493385}
---
{"event": "state_changed", "state": "NAVIGATING", "waypoint_index": 1, "waypoint_seq": 1, "sample_id": null, "total_waypoints": 6, "obstacle_stop": false, "timestamp": 1787761792.849202}
---
{"event": "state_changed", "state": "NAVIGATING", "waypoint_index": 1, "waypoint_seq": 1, "sample_id": null, "total_waypoints": 6, "obstacle_stop": false, "timestamp": 1787761793.849286}
---
{"event": "state_changed", "state": "NAVIGATING", "waypoint_index": 1, "waypoint_seq": 1, "sample_id": null, "total_waypoints": 6, "obstacle_stop": false, "timestamp": 1787761794.849198}
---
{"event": "state_changed", "state": "NAVIGATING", "waypoint_index": 1, "waypoint_seq": 1, "sample_id": null, "total_waypoints": 6, "obstacle_stop": false, "timestamp": 1787761795.8492272}
---
{"event": "state_changed", "state": "NAVIGATING", "waypoint_index": 1, "waypoint_seq": 1, "sample_id": null, "total_waypoints": 6, "obstacle_stop": false, "timestamp": 1787761796.8492014}
---
{"event": "state_changed", "state": "NAVIGATING", "waypoint_index": 1, "waypoint_seq": 1, "sample_id": null, "total_waypoints": 6, "obstacle_stop": false, "timestamp": 1787761797.8492017}
---
{"event": "state_changed", "state": "NAVIGATING", "waypoint_index": 1, "waypoint_seq": 1, "sample_id": null, "total_waypoints": 6, "obstacle_stop": false, "timestamp": 1787761798.8492057}
---
{"event": "state_changed", "state": "NAVIGATING", "waypoint_index": 1, "waypoint_seq": 1, "sample_id": null, "total_waypoints": 6, "obstacle_stop": false, "timestamp": 1787761799.8491836}
---
{"event": "state_changed", "state": "NAVIGATING", "waypoint_index": 1, "waypoint_seq": 1, "sample_id": null, "total_waypoints": 6, "obstacle_stop": false, "timestamp": 1787761800.849342}
---
{"event": "state_changed", "state": "NAVIGATING", "waypoint_index": 1, "waypoint_seq": 1, "sample_id": null, "total_waypoints": 6, "obstacle_stop": false, "timestamp": 1787761801.849159}
---
{"event": "state_changed", "state": "NAVIGATING", "waypoint_index": 1, "waypoint_seq": 1, "sample_id": null, "total_waypoints": 6, "obstacle_stop": false, "timestamp": 1787761802.849186}
---
{"event": "state_changed", "state": "NAVIGATING", "waypoint_index": 1, "waypoint_seq": 1, "sample_id": null, "total_waypoints": 6, "obstacle_stop": false, "timestamp": 1787761803.8499475}
---
{"event": "state_changed", "state": "NAVIGATING", "waypoint_index": 1, "waypoint_seq": 1, "sample_id": null, "total_waypoints": 6, "obstacle_stop": false, "timestamp": 1787761804.8492687}
---
{"event": "state_changed", "state": "NAVIGATING", "waypoint_index": 1, "waypoint_seq": 1, "sample_id": null, "total_waypoints": 6, "obstacle_stop": false, "timestamp": 1787761805.8492641}
---
{"event": "state_changed", "state": "NAVIGATING", "waypoint_index": 1, "waypoint_seq": 1, "sample_id": null, "total_waypoints": 6, "obstacle_stop": false, "timestamp": 1787761806.8492863}
---
{"event": "state_changed", "state": "ARRIVED", "waypoint_seq": null, "sample_id": null, "message": null, "timestamp": 1787761807.2488844}
---
{"event": "waypoint_arrived", "state": "ARRIVED", "waypoint_seq": 1, "sample_id": null, "message": null, "timestamp": 1787761807.2488844}
---
{"event": "state_changed", "state": "SETTLING", "waypoint_seq": null, "sample_id": null, "message": null, "timestamp": 1787761807.2488844}
---
{"event": "state_changed", "state": "NAVIGATING", "waypoint_seq": null, "sample_id": null, "message": null, "timestamp": 1787761807.2488844}
---
{"event": "state_changed", "state": "NAVIGATING", "waypoint_index": 2, "waypoint_seq": 2, "sample_id": null, "total_waypoints": 6, "obstacle_stop": false, "timestamp": 1787761807.8492439}
---
{"event": "state_changed", "state": "NAVIGATING", "waypoint_index": 2, "waypoint_seq": 2, "sample_id": null, "total_waypoints": 6, "obstacle_stop": false, "timestamp": 1787761808.849208}
---
{"event": "state_changed", "state": "NAVIGATING", "waypoint_index": 2, "waypoint_seq": 2, "sample_id": null, "total_waypoints": 6, "obstacle_stop": false, "timestamp": 1787761809.8493237}
---
{"event": "state_changed", "state": "NAVIGATING", "waypoint_index": 2, "waypoint_seq": 2, "sample_id": null, "total_waypoints": 6, "obstacle_stop": false, "timestamp": 1787761810.8491175}
---
{"event": "state_changed", "state": "NAVIGATING", "waypoint_index": 2, "waypoint_seq": 2, "sample_id": null, "total_waypoints": 6, "obstacle_stop": false, "timestamp": 1787761811.849168}
---
{"event": "state_changed", "state": "NAVIGATING", "waypoint_index": 2, "waypoint_seq": 2, "sample_id": null, "total_waypoints": 6, "obstacle_stop": false, "timestamp": 1787761812.8492815}
---
{"event": "state_changed", "state": "NAVIGATING", "waypoint_index": 2, "waypoint_seq": 2, "sample_id": null, "total_waypoints": 6, "obstacle_stop": false, "timestamp": 1787761813.849172}
---
{"event": "state_changed", "state": "ARRIVED", "waypoint_seq": null, "sample_id": null, "message": null, "timestamp": 1787761814.148823}
---
{"event": "waypoint_arrived", "state": "ARRIVED", "waypoint_seq": 2, "sample_id": null, "message": null, "timestamp": 1787761814.148823}
---
{"event": "state_changed", "state": "SETTLING", "waypoint_seq": null, "sample_id": null, "message": null, "timestamp": 1787761814.148823}
---
{"event": "state_changed", "state": "NAVIGATING", "waypoint_seq": null, "sample_id": null, "message": null, "timestamp": 1787761814.148823}
---
{"event": "state_changed", "state": "NAVIGATING", "waypoint_index": 3, "waypoint_seq": 3, "sample_id": null, "total_waypoints": 6, "obstacle_stop": false, "timestamp": 1787761814.8492324}
---
{"event": "state_changed", "state": "NAVIGATING", "waypoint_index": 3, "waypoint_seq": 3, "sample_id": null, "total_waypoints": 6, "obstacle_stop": false, "timestamp": 1787761815.8493292}
---
{"event": "state_changed", "state": "NAVIGATING", "waypoint_index": 3, "waypoint_seq": 3, "sample_id": null, "total_waypoints": 6, "obstacle_stop": false, "timestamp": 1787761816.8491995}
---
{"event": "state_changed", "state": "NAVIGATING", "waypoint_index": 3, "waypoint_seq": 3, "sample_id": null, "total_waypoints": 6, "obstacle_stop": false, "timestamp": 1787761817.8491433}
---
{"event": "state_changed", "state": "NAVIGATING", "waypoint_index": 3, "waypoint_seq": 3, "sample_id": null, "total_waypoints": 6, "obstacle_stop": false, "timestamp": 1787761818.849337}
---
{"event": "state_changed", "state": "NAVIGATING", "waypoint_index": 3, "waypoint_seq": 3, "sample_id": null, "total_waypoints": 6, "obstacle_stop": false, "timestamp": 1787761819.8491125}
---
{"event": "state_changed", "state": "NAVIGATING", "waypoint_index": 3, "waypoint_seq": 3, "sample_id": null, "total_waypoints": 6, "obstacle_stop": false, "timestamp": 1787761820.8491771}
---
{"event": "state_changed", "state": "NAVIGATING", "waypoint_index": 3, "waypoint_seq": 3, "sample_id": null, "total_waypoints": 6, "obstacle_stop": false, "timestamp": 1787761821.849318}
---
{"event": "state_changed", "state": "NAVIGATING", "waypoint_index": 3, "waypoint_seq": 3, "sample_id": null, "total_waypoints": 6, "obstacle_stop": false, "timestamp": 1787761822.8492754}
---
{"event": "state_changed", "state": "NAVIGATING", "waypoint_index": 3, "waypoint_seq": 3, "sample_id": null, "total_waypoints": 6, "obstacle_stop": false, "timestamp": 1787761823.8491285}
---
{"event": "state_changed", "state": "NAVIGATING", "waypoint_index": 3, "waypoint_seq": 3, "sample_id": null, "total_waypoints": 6, "obstacle_stop": false, "timestamp": 1787761824.8493445}
---
{"event": "state_changed", "state": "NAVIGATING", "waypoint_index": 3, "waypoint_seq": 3, "sample_id": null, "total_waypoints": 6, "obstacle_stop": false, "timestamp": 1787761825.8491688}
---
{"event": "state_changed", "state": "NAVIGATING", "waypoint_index": 3, "waypoint_seq": 3, "sample_id": null, "total_waypoints": 6, "obstacle_stop": false, "timestamp": 1787761826.8494463}
---
{"event": "state_changed", "state": "NAVIGATING", "waypoint_index": 3, "waypoint_seq": 3, "sample_id": null, "total_waypoints": 6, "obstacle_stop": false, "timestamp": 1787761827.849336}
---
{"event": "state_changed", "state": "NAVIGATING", "waypoint_index": 3, "waypoint_seq": 3, "sample_id": null, "total_waypoints": 6, "obstacle_stop": false, "timestamp": 1787761828.8491013}
---
{"event": "state_changed", "state": "NAVIGATING", "waypoint_index": 3, "waypoint_seq": 3, "sample_id": null, "total_waypoints": 6, "obstacle_stop": false, "timestamp": 1787761829.8491988}
---
{"event": "state_changed", "state": "NAVIGATING", "waypoint_index": 3, "waypoint_seq": 3, "sample_id": null, "total_waypoints": 6, "obstacle_stop": false, "timestamp": 1787761830.8493059}
---
{"event": "state_changed", "state": "NAVIGATING", "waypoint_index": 3, "waypoint_seq": 3, "sample_id": null, "total_waypoints": 6, "obstacle_stop": false, "timestamp": 1787761831.8492477}
---
{"event": "state_changed", "state": "NAVIGATING", "waypoint_index": 3, "waypoint_seq": 3, "sample_id": null, "total_waypoints": 6, "obstacle_stop": false, "timestamp": 1787761832.849229}
---
{"event": "state_changed", "state": "NAVIGATING", "waypoint_index": 3, "waypoint_seq": 3, "sample_id": null, "total_waypoints": 6, "obstacle_stop": false, "timestamp": 1787761833.8493092}
---
{"event": "state_changed", "state": "ARRIVED", "waypoint_seq": null, "sample_id": null, "message": null, "timestamp": 1787761834.2488492}
---
{"event": "waypoint_arrived", "state": "ARRIVED", "waypoint_seq": 3, "sample_id": null, "message": null, "timestamp": 1787761834.2488492}
---
{"event": "state_changed", "state": "SETTLING", "waypoint_seq": null, "sample_id": null, "message": null, "timestamp": 1787761834.2488492}
---
{"event": "state_changed", "state": "NAVIGATING", "waypoint_seq": null, "sample_id": null, "message": null, "timestamp": 1787761834.2488492}
---
{"event": "state_changed", "state": "NAVIGATING", "waypoint_index": 4, "waypoint_seq": 4, "sample_id": null, "total_waypoints": 6, "obstacle_stop": false, "timestamp": 1787761834.849201}
---
{"event": "state_changed", "state": "NAVIGATING", "waypoint_index": 4, "waypoint_seq": 4, "sample_id": null, "total_waypoints": 6, "obstacle_stop": false, "timestamp": 1787761835.849141}
---
{"event": "state_changed", "state": "NAVIGATING", "waypoint_index": 4, "waypoint_seq": 4, "sample_id": null, "total_waypoints": 6, "obstacle_stop": false, "timestamp": 1787761836.849361}
---
{"event": "state_changed", "state": "NAVIGATING", "waypoint_index": 4, "waypoint_seq": 4, "sample_id": null, "total_waypoints": 6, "obstacle_stop": false, "timestamp": 1787761837.8492055}
---
{"event": "state_changed", "state": "NAVIGATING", "waypoint_index": 4, "waypoint_seq": 4, "sample_id": null, "total_waypoints": 6, "obstacle_stop": false, "timestamp": 1787761838.8492482}
---
{"event": "state_changed", "state": "NAVIGATING", "waypoint_index": 4, "waypoint_seq": 4, "sample_id": null, "total_waypoints": 6, "obstacle_stop": false, "timestamp": 1787761839.8493278}
---
{"event": "state_changed", "state": "ARRIVED", "waypoint_seq": null, "sample_id": null, "message": null, "timestamp": 1787761840.6487362}
---
{"event": "waypoint_arrived", "state": "ARRIVED", "waypoint_seq": 4, "sample_id": null, "message": null, "timestamp": 1787761840.6487362}
---
{"event": "state_changed", "state": "SETTLING", "waypoint_seq": null, "sample_id": null, "message": null, "timestamp": 1787761840.6487362}
---
{"event": "state_changed", "state": "NAVIGATING", "waypoint_seq": null, "sample_id": null, "message": null, "timestamp": 1787761840.6487362}
---
{"event": "state_changed", "state": "NAVIGATING", "waypoint_index": 5, "waypoint_seq": 5, "sample_id": "S4", "total_waypoints": 6, "obstacle_stop": false, "timestamp": 1787761840.8492668}
---
{"event": "state_changed", "state": "NAVIGATING", "waypoint_index": 5, "waypoint_seq": 5, "sample_id": "S4", "total_waypoints": 6, "obstacle_stop": false, "timestamp": 1787761841.8492007}
---
{"event": "state_changed", "state": "NAVIGATING", "waypoint_index": 5, "waypoint_seq": 5, "sample_id": "S4", "total_waypoints": 6, "obstacle_stop": false, "timestamp": 1787761842.849281}
---
{"event": "state_changed", "state": "NAVIGATING", "waypoint_index": 5, "waypoint_seq": 5, "sample_id": "S4", "total_waypoints": 6, "obstacle_stop": false, "timestamp": 1787761843.8492584}
---
{"event": "state_changed", "state": "NAVIGATING", "waypoint_index": 5, "waypoint_seq": 5, "sample_id": "S4", "total_waypoints": 6, "obstacle_stop": false, "timestamp": 1787761844.8510096}
---
{"event": "state_changed", "state": "NAVIGATING", "waypoint_index": 5, "waypoint_seq": 5, "sample_id": "S4", "total_waypoints": 6, "obstacle_stop": false, "timestamp": 1787761845.8493903}
---
{"event": "state_changed", "state": "NAVIGATING", "waypoint_index": 5, "waypoint_seq": 5, "sample_id": "S4", "total_waypoints": 6, "obstacle_stop": false, "timestamp": 1787761846.849107}
---
{"event": "state_changed", "state": "NAVIGATING", "waypoint_index": 5, "waypoint_seq": 5, "sample_id": "S4", "total_waypoints": 6, "obstacle_stop": false, "timestamp": 1787761847.8492622}
---
{"event": "state_changed", "state": "NAVIGATING", "waypoint_index": 5, "waypoint_seq": 5, "sample_id": "S4", "total_waypoints": 6, "obstacle_stop": false, "timestamp": 1787761848.849322}
---
{"event": "state_changed", "state": "NAVIGATING", "waypoint_index": 5, "waypoint_seq": 5, "sample_id": "S4", "total_waypoints": 6, "obstacle_stop": false, "timestamp": 1787761849.8491945}
---
{"event": "state_changed", "state": "NAVIGATING", "waypoint_index": 5, "waypoint_seq": 5, "sample_id": "S4", "total_waypoints": 6, "obstacle_stop": false, "timestamp": 1787761850.8492641}
---
{"event": "state_changed", "state": "NAVIGATING", "waypoint_index": 5, "waypoint_seq": 5, "sample_id": "S4", "total_waypoints": 6, "obstacle_stop": false, "timestamp": 1787761851.8493648}
---
{"event": "state_changed", "state": "NAVIGATING", "waypoint_index": 5, "waypoint_seq": 5, "sample_id": "S4", "total_waypoints": 6, "obstacle_stop": false, "timestamp": 1787761852.849246}
---
{"event": "state_changed", "state": "NAVIGATING", "waypoint_index": 5, "waypoint_seq": 5, "sample_id": "S4", "total_waypoints": 6, "obstacle_stop": false, "timestamp": 1787761853.8491552}
---
{"event": "state_changed", "state": "NAVIGATING", "waypoint_index": 5, "waypoint_seq": 5, "sample_id": "S4", "total_waypoints": 6, "obstacle_stop": false, "timestamp": 1787761854.849349}
---
{"event": "state_changed", "state": "NAVIGATING", "waypoint_index": 5, "waypoint_seq": 5, "sample_id": "S4", "total_waypoints": 6, "obstacle_stop": false, "timestamp": 1787761855.8491297}
---
{"event": "state_changed", "state": "NAVIGATING", "waypoint_index": 5, "waypoint_seq": 5, "sample_id": "S4", "total_waypoints": 6, "obstacle_stop": false, "timestamp": 1787761856.8492026}
---
{"event": "state_changed", "state": "NAVIGATING", "waypoint_index": 5, "waypoint_seq": 5, "sample_id": "S4", "total_waypoints": 6, "obstacle_stop": false, "timestamp": 1787761857.8493557}
---
{"event": "state_changed", "state": "NAVIGATING", "waypoint_index": 5, "waypoint_seq": 5, "sample_id": "S4", "total_waypoints": 6, "obstacle_stop": false, "timestamp": 1787761858.849195}
---
{"event": "state_changed", "state": "SAMPLING", "waypoint_index": 5, "waypoint_seq": 5, "sample_id": "S4", "total_waypoints": 6, "obstacle_stop": false, "timestamp": 1787761859.6488156}
---
{"event": "waypoint_arrived", "state": "ARRIVED", "waypoint_seq": 5, "sample_id": "S4", "message": null, "timestamp": 1787761859.6488156}
---
{"event": "state_changed", "state": "SETTLING", "waypoint_seq": null, "sample_id": null, "message": null, "timestamp": 1787761859.6488156}
---
{"event": "state_changed", "state": "SAMPLE_REQUESTED", "waypoint_seq": null, "sample_id": null, "message": null, "timestamp": 1787761859.6488156}
---
{"event": "state_changed", "state": "SAMPLING", "waypoint_seq": null, "sample_id": null, "message": null, "timestamp": 1787761859.6488156}
---
{"event": "sample_requested", "state": "SAMPLING", "waypoint_seq": 5, "sample_id": "S4", "message": null, "timestamp": 1787761859.6488156}
---
{"event": "state_changed", "state": "SAMPLING", "waypoint_index": 5, "waypoint_seq": 5, "sample_id": "S4", "total_waypoints": 6, "obstacle_stop": false, "timestamp": 1787761859.8490605}
---
{"event": "state_changed", "state": "SAMPLING", "waypoint_index": 5, "waypoint_seq": 5, "sample_id": "S4", "total_waypoints": 6, "obstacle_stop": false, "timestamp": 1787761860.8491452}
---
{"event": "state_changed", "state": "TASK_FINISHED", "waypoint_index": 6, "waypoint_seq": null, "sample_id": null, "total_waypoints": 6, "obstacle_stop": false, "timestamp": 1787761861.6488178}
---
{"event": "state_changed", "state": "SAMPLE_FINISHED", "waypoint_seq": null, "sample_id": null, "message": null, "timestamp": 1787761861.6488178}
---
{"event": "sample_finished", "state": "SAMPLE_FINISHED", "waypoint_seq": 5, "sample_id": "S4", "message": null, "timestamp": 1787761861.6488178}
---
{"event": "state_changed", "state": "TASK_FINISHED", "waypoint_seq": null, "sample_id": null, "message": null, "timestamp": 1787761861.6488178}
---
{"event": "task_finished", "state": "TASK_FINISHED", "waypoint_seq": null, "sample_id": null, "message": null, "timestamp": 1787761861.6488178}
---
{"event": "state_changed", "state": "TASK_FINISHED", "waypoint_index": 6, "waypoint_seq": null, "sample_id": null, "total_waypoints": 6, "obstacle_stop": false, "timestamp": 1787761861.8490853}
---
{"event": "state_changed", "state": "TASK_FINISHED", "waypoint_index": 6, "waypoint_seq": null, "sample_id": null, "total_waypoints": 6, "obstacle_stop": false, "timestamp": 1787761862.8489926}
---
{"event": "state_changed", "state": "TASK_FINISHED", "waypoint_index": 6, "waypoint_seq": null, "sample_id": null, "total_waypoints": 6, "obstacle_stop": false, "timestamp": 1787761863.8491466}
---
{"event": "state_changed", "state": "TASK_FINISHED", "waypoint_index": 6, "waypoint_seq": null, "sample_id": null, "total_waypoints": 6, "obstacle_stop": false, "timestamp": 1787761864.8491127}
---
{"event": "state_changed", "state": "TASK_FINISHED", "waypoint_index": 6, "waypoint_seq": null, "sample_id": null, "total_waypoints": 6, "obstacle_stop": false, "timestamp": 1787761865.8490589}
---
{"event": "state_changed", "state": "TASK_FINISHED", "waypoint_index": 6, "waypoint_seq": null, "sample_id": null, "total_waypoints": 6, "obstacle_stop": false, "timestamp": 1787761866.8491821}
---
{"event": "state_changed", "state": "TASK_FINISHED", "waypoint_index": 6, "waypoint_seq": null, "sample_id": null, "total_waypoints": 6, "obstacle_stop": false, "timestamp": 1787761867.8490708}
---
